[livedemo00.template-help.com/wt_51679/index.html]
[backblue.gif]
[fade.gif]
[index.html]
[livedemo00.template-help.com/cdn-cgi/apps/head/3ts2ksMwXvKRuG480KNifJ2_JNM.js]
[livedemo00.template-help.com/wt_51679/images/favicon.png]
[fonts.googleapis.com/css5c27.css]
[livedemo00.template-help.com/wt_51679/css/bootstrap.css]
[livedemo00.template-help.com/wt_51679/css/fonts.css]
[livedemo00.template-help.com/wt_51679/css/style.css]
[livedemo00.template-help.com/wt_51679/images/ie8-panel/warning_bar_0000_us.jpg]
[livedemo00.template-help.com/wt_51679/images/banner/background-04-1920x60.jpg]
[livedemo00.template-help.com/wt_51679/images/banner/background-04-3840x120.jpg]
[livedemo00.template-help.com/wt_51679/images/banner/foreground-04-1600x60.png]
[livedemo00.template-help.com/wt_51679/index-2.html]
[livedemo00.template-help.com/wt_51679/images/logo-inverse-415x103.png]
[livedemo00.template-help.com/wt_51679/about-us.html]
[livedemo00.template-help.com/wt_51679/typography.html]
[livedemo00.template-help.com/wt_51679/contacts.html]
[livedemo00.template-help.com/wt_51679/_images/bg-bunner-2.jpg_]
[livedemo00.template-help.com/wt_51679/images/animate-img-1.jpg]
[livedemo00.template-help.com/wt_51679/images/animate-img-2.jpg]
[livedemo00.template-help.com/wt_51679/images/animate-img-3.jpg]
[livedemo00.template-help.com/wt_51679/images/animate-img-4.jpg]
[livedemo00.template-help.com/wt_51679/images/animate-img-5.jpg]
[livedemo00.template-help.com/wt_51679/images/animate-img-6.jpg]
[livedemo00.template-help.com/wt_51679/images/causes-01-372x396.jpg]
[livedemo00.template-help.com/wt_51679/images/causes-02-372x396.jpg]
[livedemo00.template-help.com/wt_51679/images/causes-03-372x396.jpg]
[livedemo00.template-help.com/wt_51679/images/parallax-img-2.jpg]
[livedemo00.template-help.com/wt_51679/images/banner/background-03-1920x310.jpg]
[livedemo00.template-help.com/wt_51679/images/banner/background-03-3840x620.jpg]
[livedemo00.template-help.com/wt_51679/images/banner/foreground-03-1600x310.png]
[livedemo00.template-help.com/wt_51679/js/core.min.js]
[livedemo00.template-help.com/wt_51679/index.html]
[livedemo00.template-help.com/wt_51679/js/script.js]
[fonts.googleapis.com/css5c27.css]
[livedemo00.template-help.com/wt_51679/css/bootstrap.css]
[livedemo00.template-help.com/wt_51679/fonts/fontawesome-webfont3e6e.eot]
[livedemo00.template-help.com/wt_51679/fonts/fontawesome-webfontd41d.eot]
[livedemo00.template-help.com/wt_51679/fonts/fontawesome-webfont3e6e.woff2]
[livedemo00.template-help.com/wt_51679/fonts/fontawesome-webfont3e6e.woff]
[livedemo00.template-help.com/wt_51679/fonts/fontawesome-webfont3e6e.ttf]
[livedemo00.template-help.com/wt_51679/fonts/fontawesome-webfont3e6e.svg]
[livedemo00.template-help.com/wt_51679/fonts/materialdesignicons-webfont14e6.eot]
[livedemo00.template-help.com/wt_51679/fonts/materialdesignicons-webfontd41d.eot]
[livedemo00.template-help.com/wt_51679/fonts/materialdesignicons-webfont14e6.woff2]
[livedemo00.template-help.com/wt_51679/fonts/materialdesignicons-webfont14e6.woff]
[livedemo00.template-help.com/wt_51679/fonts/materialdesignicons-webfont14e6.ttf]
[livedemo00.template-help.com/wt_51679/fonts/materialdesignicons-webfont14e6.svg]
[livedemo00.template-help.com/wt_51679/fonts/Linearicons.eot]
[livedemo00.template-help.com/wt_51679/fonts/Linearicons.woff]
[livedemo00.template-help.com/wt_51679/fonts/Linearicons.ttf]
[livedemo00.template-help.com/wt_51679/css/fonts.css]
[livedemo00.template-help.com/wt_51679/images/bg-dot.png]
[livedemo00.template-help.com/wt_51679/images/bg-brush.png]
[livedemo00.template-help.com/wt_51679/images/bg-pattern-boxed.png]
[livedemo00.template-help.com/wt_51679/fonts/TuesdayNight-Regular.otf]
[livedemo00.template-help.com/wt_51679/fonts/Henrik-Regular.otf]
[livedemo00.template-help.com/wt_51679/fonts/Henrik-Regular.woff]
[livedemo00.template-help.com/wt_51679/images/decor-wave-bottom.png]
[livedemo00.template-help.com/wt_51679/images/decor-gray-top.png]
[livedemo00.template-help.com/wt_51679/images/bg-dot-light.png]
[livedemo00.template-help.com/wt_51679/css/style.css]
[livedemo00.template-help.com/wt_51679/index-2.html]
[livedemo00.template-help.com/wt_51679/images/bg-breadcrumbs-about.jpg]
[livedemo00.template-help.com/wt_51679/images/about-us-1-518x430.jpg]
[livedemo00.template-help.com/wt_51679/images/team-classic-1-390x252.jpg]
[livedemo00.template-help.com/wt_51679/images/team-classic-2-390x252.jpg]
[livedemo00.template-help.com/wt_51679/images/team-classic-3-390x252.jpg]
[livedemo00.template-help.com/wt_51679/images/team-classic-4-390x252.jpg]
[livedemo00.template-help.com/wt_51679/images/team-classic-5-390x252.jpg]
[livedemo00.template-help.com/wt_51679/images/team-classic-6-390x252.jpg]
[livedemo00.template-help.com/wt_51679/about-us.html]
[livedemo00.template-help.com/wt_51679/typography.html]
[livedemo00.template-help.com/wt_51679/contacts.html]
[livedemo00.template-help.com/wt_51679/_images/bg-bunner-2.html]
[www.googletagmanager.com/gtm5445.html]
[livedemo00.template-help.com/wt_51679/fonts/fontawesome-webfont3e6e.svg]
[livedemo00.template-help.com/wt_51679/fonts/materialdesignicons-webfont14e6.svg]
